..                                                                       [100%]
2 passed in 0.42s
